// Vitest Snapshot v1, https://vitest.dev/guide/snapshot.html

exports[`throwDart determinism > matches the committed snapshot for seed 42 at level 8 1`] = `
[
  {
    "aim": {
      "x": 0,
      "y": -104.2,
    },
    "bounced": false,
    "hit": {
      "score": 20,
      "targetNumber": 20,
      "zoneKey": "INNER_SINGLE",
    },
    "landing": {
      "x": -6.436423704962795,
      "y": -96.68405016882457,
    },
  },
  {
    "aim": {
      "x": 0,
      "y": -104.2,
    },
    "bounced": false,
    "hit": {
      "score": 15,
      "targetNumber": 5,
      "zoneKey": "TREBLE",
    },
    "landing": {
      "x": -16.665028493653477,
      "y": -103.19964061841283,
    },
  },
  {
    "aim": {
      "x": 0,
      "y": -104.2,
    },
    "bounced": false,
    "hit": {
      "score": 20,
      "targetNumber": 20,
      "zoneKey": "OUTER_SINGLE",
    },
    "landing": {
      "x": -0.7691360209596336,
      "y": -118.83723659098247,
    },
  },
  {
    "aim": {
      "x": 0,
      "y": -104.2,
    },
    "bounced": false,
    "hit": {
      "score": 20,
      "targetNumber": 20,
      "zoneKey": "INNER_SINGLE",
    },
    "landing": {
      "x": 10.57319678414144,
      "y": -81.45337714295275,
    },
  },
  {
    "aim": {
      "x": 0,
      "y": -104.2,
    },
    "bounced": false,
    "hit": {
      "score": 60,
      "targetNumber": 20,
      "zoneKey": "TREBLE",
    },
    "landing": {
      "x": -2.6670966618817147,
      "y": -100.67850460451997,
    },
  },
]
`;
