// Vitest Snapshot v1, https://vitest.dev/guide/snapshot.html

exports[`throwDart determinism > matches the committed snapshot for seed 42 at level 8 1`] = `
[
  {
    "aim": {
      "x": 0,
      "y": -104.2,
    },
    "bounced": false,
    "hit": {
      "score": 20,
      "targetNumber": 20,
      "zoneKey": "INNER_SINGLE",
    },
    "landing": {
      "x": -7.752641149879796,
      "y": -95.88858793652732,
    },
  },
  {
    "aim": {
      "x": 0,
      "y": -104.2,
    },
    "bounced": false,
    "hit": {
      "score": 15,
      "targetNumber": 5,
      "zoneKey": "TREBLE",
    },
    "landing": {
      "x": -19.487784628377632,
      "y": -103.63353507471714,
    },
  },
  {
    "aim": {
      "x": 0,
      "y": -104.2,
    },
    "bounced": false,
    "hit": {
      "score": 20,
      "targetNumber": 20,
      "zoneKey": "OUTER_SINGLE",
    },
    "landing": {
      "x": -1.2506366752095022,
      "y": -122.22162085343199,
    },
  },
  {
    "aim": {
      "x": 0,
      "y": -104.2,
    },
    "bounced": false,
    "hit": {
      "score": 20,
      "targetNumber": 20,
      "zoneKey": "INNER_SINGLE",
    },
    "landing": {
      "x": 11.762272279480102,
      "y": -77.78420301898157,
    },
  },
  {
    "aim": {
      "x": 0,
      "y": -104.2,
    },
    "bounced": false,
    "hit": {
      "score": 60,
      "targetNumber": 20,
      "zoneKey": "TREBLE",
    },
    "landing": {
      "x": -3.4281419066549903,
      "y": -100.63671302046713,
    },
  },
]
`;
