// Vitest Snapshot v1, https://vitest.dev/guide/snapshot.html

exports[`throwDart determinism > matches the committed snapshot for seed 42 at level 8 1`] = `
[
  {
    "aim": {
      "x": 0,
      "y": -104.2,
    },
    "bounced": false,
    "hit": {
      "score": 20,
      "targetNumber": 20,
      "zoneKey": "INNER_SINGLE",
    },
    "landing": {
      "x": -8.622641149879797,
      "y": -97.10858793652731,
    },
  },
  {
    "aim": {
      "x": 0,
      "y": -104.2,
    },
    "bounced": false,
    "hit": {
      "score": 15,
      "targetNumber": 5,
      "zoneKey": "TREBLE",
    },
    "landing": {
      "x": -20.357784628377633,
      "y": -104.85353507471714,
    },
  },
  {
    "aim": {
      "x": 0,
      "y": -104.2,
    },
    "bounced": false,
    "hit": {
      "score": 20,
      "targetNumber": 20,
      "zoneKey": "OUTER_SINGLE",
    },
    "landing": {
      "x": -2.1206366752095023,
      "y": -123.44162085343198,
    },
  },
  {
    "aim": {
      "x": 0,
      "y": -104.2,
    },
    "bounced": false,
    "hit": {
      "score": 20,
      "targetNumber": 20,
      "zoneKey": "INNER_SINGLE",
    },
    "landing": {
      "x": 10.892272279480103,
      "y": -79.00420301898157,
    },
  },
  {
    "aim": {
      "x": 0,
      "y": -104.2,
    },
    "bounced": false,
    "hit": {
      "score": 60,
      "targetNumber": 20,
      "zoneKey": "TREBLE",
    },
    "landing": {
      "x": -4.29814190665499,
      "y": -101.85671302046713,
    },
  },
]
`;
